
 RUN  v4.1.11 /Users/hawzhin/Hawdesign

[test databases] per-file clones of hawa_tpl_test_777aa0178e33b9cd and hawa_tpl_repair_777aa0178e33b9cd (27 ms)
 ❯ apps/core/test/canva-planner-accounting.test.ts (5 tests | 5 failed) 47ms
   × zero allowance refuses before a paid attempt exists 20ms
   × serializes concurrent office admissions across tasks using the shared allowance 4ms
   × retirement and a fresh Studio run cannot clear a planner obligation; terminal evidence preserves its row 3ms
   × old plans remain incomplete history until named terminal cost evidence is recorded 3ms
   × one original outcome is immutable and cross-office accounting cannot read it 3ms

⎯⎯⎯⎯⎯⎯⎯ Failed Tests 5 ⎯⎯⎯⎯⎯⎯⎯

 FAIL  apps/core/test/canva-planner-accounting.test.ts > zero allowance refuses before a paid attempt exists
error: Studio spending policy version conflict
 ❯ node_modules/.pnpm/pg@8.23.0/node_modules/pg/lib/client.js:694:17
 ❯ PostgresConnection.executeQuery node_modules/.pnpm/kysely@0.28.17/node_modules/kysely/dist/esm/dialect/postgres/postgres-driver.js:90:49
 ❯ node_modules/.pnpm/kysely@0.28.17/node_modules/kysely/dist/esm/query-executor/query-executor-base.js:35:28
 ❯ DefaultConnectionProvider.provideConnection node_modules/.pnpm/kysely@0.28.17/node_modules/kysely/dist/esm/driver/default-connection-provider.js:10:20
 ❯ DefaultQueryExecutor.executeQuery node_modules/.pnpm/kysely@0.28.17/node_modules/kysely/dist/esm/query-executor/query-executor-base.js:34:16
 ❯ fixture apps/core/test/canva-planner-accounting.test.ts:21:2

 ❯ apps/core/test/canva-planner-accounting.test.ts:44:10
 ❯ PostgresConnection.executeQuery node_modules/.pnpm/kysely@0.28.17/node_modules/kysely/dist/esm/dialect/postgres/postgres-driver.js:102:41
 ❯ node_modules/.pnpm/kysely@0.28.17/node_modules/kysely/dist/esm/query-executor/query-executor-base.js:35:28
 ❯ DefaultConnectionProvider.provideConnection node_modules/.pnpm/kysely@0.28.17/node_modules/kysely/dist/esm/driver/default-connection-provider.js:10:20
 ❯ DefaultQueryExecutor.executeQuery node_modules/.pnpm/kysely@0.28.17/node_modules/kysely/dist/esm/query-executor/query-executor-base.js:34:16
 ❯ fixture apps/core/test/canva-planner-accounting.test.ts:21:2
 ❯ apps/core/test/canva-planner-accounting.test.ts:44:10

⎯⎯⎯⎯⎯⎯⎯⎯⎯⎯⎯⎯⎯⎯⎯⎯⎯⎯⎯⎯⎯⎯⎯⎯[1/5]⎯

 FAIL  apps/core/test/canva-planner-accounting.test.ts > serializes concurrent office admissions across tasks using the shared allowance
error: Studio spending policy version conflict
 ❯ node_modules/.pnpm/pg@8.23.0/node_modules/pg/lib/client.js:694:17
 ❯ PostgresConnection.executeQuery node_modules/.pnpm/kysely@0.28.17/node_modules/kysely/dist/esm/dialect/postgres/postgres-driver.js:90:49
 ❯ node_modules/.pnpm/kysely@0.28.17/node_modules/kysely/dist/esm/query-executor/query-executor-base.js:35:28
 ❯ DefaultConnectionProvider.provideConnection node_modules/.pnpm/kysely@0.28.17/node_modules/kysely/dist/esm/driver/default-connection-provider.js:10:20
 ❯ DefaultQueryExecutor.executeQuery node_modules/.pnpm/kysely@0.28.17/node_modules/kysely/dist/esm/query-executor/query-executor-base.js:34:16
 ❯ fixture apps/core/test/canva-planner-accounting.test.ts:21:2

 ❯ apps/core/test/canva-planner-accounting.test.ts:48:10
 ❯ PostgresConnection.executeQuery node_modules/.pnpm/kysely@0.28.17/node_modules/kysely/dist/esm/dialect/postgres/postgres-driver.js:102:41
 ❯ node_modules/.pnpm/kysely@0.28.17/node_modules/kysely/dist/esm/query-executor/query-executor-base.js:35:28
 ❯ DefaultConnectionProvider.provideConnection node_modules/.pnpm/kysely@0.28.17/node_modules/kysely/dist/esm/driver/default-connection-provider.js:10:20
 ❯ DefaultQueryExecutor.executeQuery node_modules/.pnpm/kysely@0.28.17/node_modules/kysely/dist/esm/query-executor/query-executor-base.js:34:16
 ❯ fixture apps/core/test/canva-planner-accounting.test.ts:21:2
 ❯ apps/core/test/canva-planner-accounting.test.ts:48:10

⎯⎯⎯⎯⎯⎯⎯⎯⎯⎯⎯⎯⎯⎯⎯⎯⎯⎯⎯⎯⎯⎯⎯⎯[2/5]⎯

 FAIL  apps/core/test/canva-planner-accounting.test.ts > retirement and a fresh Studio run cannot clear a planner obligation; terminal evidence preserves its row
error: Studio spending policy version conflict
 ❯ node_modules/.pnpm/pg@8.23.0/node_modules/pg/lib/client.js:694:17
 ❯ PostgresConnection.executeQuery node_modules/.pnpm/kysely@0.28.17/node_modules/kysely/dist/esm/dialect/postgres/postgres-driver.js:90:49
 ❯ node_modules/.pnpm/kysely@0.28.17/node_modules/kysely/dist/esm/query-executor/query-executor-base.js:35:28
 ❯ DefaultConnectionProvider.provideConnection node_modules/.pnpm/kysely@0.28.17/node_modules/kysely/dist/esm/driver/default-connection-provider.js:10:20
 ❯ DefaultQueryExecutor.executeQuery node_modules/.pnpm/kysely@0.28.17/node_modules/kysely/dist/esm/query-executor/query-executor-base.js:34:16
 ❯ fixture apps/core/test/canva-planner-accounting.test.ts:21:2

 ❯ apps/core/test/canva-planner-accounting.test.ts:59:10
 ❯ PostgresConnection.executeQuery node_modules/.pnpm/kysely@0.28.17/node_modules/kysely/dist/esm/dialect/postgres/postgres-driver.js:102:41
 ❯ node_modules/.pnpm/kysely@0.28.17/node_modules/kysely/dist/esm/query-executor/query-executor-base.js:35:28
 ❯ DefaultConnectionProvider.provideConnection node_modules/.pnpm/kysely@0.28.17/node_modules/kysely/dist/esm/driver/default-connection-provider.js:10:20
 ❯ DefaultQueryExecutor.executeQuery node_modules/.pnpm/kysely@0.28.17/node_modules/kysely/dist/esm/query-executor/query-executor-base.js:34:16
 ❯ fixture apps/core/test/canva-planner-accounting.test.ts:21:2
 ❯ apps/core/test/canva-planner-accounting.test.ts:59:10

⎯⎯⎯⎯⎯⎯⎯⎯⎯⎯⎯⎯⎯⎯⎯⎯⎯⎯⎯⎯⎯⎯⎯⎯[3/5]⎯

 FAIL  apps/core/test/canva-planner-accounting.test.ts > old plans remain incomplete history until named terminal cost evidence is recorded
error: Studio spending policy version conflict
 ❯ node_modules/.pnpm/pg@8.23.0/node_modules/pg/lib/client.js:694:17
 ❯ PostgresConnection.executeQuery node_modules/.pnpm/kysely@0.28.17/node_modules/kysely/dist/esm/dialect/postgres/postgres-driver.js:90:49
 ❯ node_modules/.pnpm/kysely@0.28.17/node_modules/kysely/dist/esm/query-executor/query-executor-base.js:35:28
 ❯ DefaultConnectionProvider.provideConnection node_modules/.pnpm/kysely@0.28.17/node_modules/kysely/dist/esm/driver/default-connection-provider.js:10:20
 ❯ DefaultQueryExecutor.executeQuery node_modules/.pnpm/kysely@0.28.17/node_modules/kysely/dist/esm/query-executor/query-executor-base.js:34:16
 ❯ fixture apps/core/test/canva-planner-accounting.test.ts:21:2

 ❯ apps/core/test/canva-planner-accounting.test.ts:68:10
 ❯ PostgresConnection.executeQuery node_modules/.pnpm/kysely@0.28.17/node_modules/kysely/dist/esm/dialect/postgres/postgres-driver.js:102:41
 ❯ node_modules/.pnpm/kysely@0.28.17/node_modules/kysely/dist/esm/query-executor/query-executor-base.js:35:28
 ❯ DefaultConnectionProvider.provideConnection node_modules/.pnpm/kysely@0.28.17/node_modules/kysely/dist/esm/driver/default-connection-provider.js:10:20
 ❯ DefaultQueryExecutor.executeQuery node_modules/.pnpm/kysely@0.28.17/node_modules/kysely/dist/esm/query-executor/query-executor-base.js:34:16
 ❯ fixture apps/core/test/canva-planner-accounting.test.ts:21:2
 ❯ apps/core/test/canva-planner-accounting.test.ts:68:10

⎯⎯⎯⎯⎯⎯⎯⎯⎯⎯⎯⎯⎯⎯⎯⎯⎯⎯⎯⎯⎯⎯⎯⎯[4/5]⎯

 FAIL  apps/core/test/canva-planner-accounting.test.ts > one original outcome is immutable and cross-office accounting cannot read it
error: Studio spending policy version conflict
 ❯ node_modules/.pnpm/pg@8.23.0/node_modules/pg/lib/client.js:694:17
 ❯ PostgresConnection.executeQuery node_modules/.pnpm/kysely@0.28.17/node_modules/kysely/dist/esm/dialect/postgres/postgres-driver.js:90:49
 ❯ node_modules/.pnpm/kysely@0.28.17/node_modules/kysely/dist/esm/query-executor/query-executor-base.js:35:28
 ❯ DefaultConnectionProvider.provideConnection node_modules/.pnpm/kysely@0.28.17/node_modules/kysely/dist/esm/driver/default-connection-provider.js:10:20
 ❯ DefaultQueryExecutor.executeQuery node_modules/.pnpm/kysely@0.28.17/node_modules/kysely/dist/esm/query-executor/query-executor-base.js:34:16
 ❯ fixture apps/core/test/canva-planner-accounting.test.ts:21:2

 ❯ apps/core/test/canva-planner-accounting.test.ts:74:10
 ❯ PostgresConnection.executeQuery node_modules/.pnpm/kysely@0.28.17/node_modules/kysely/dist/esm/dialect/postgres/postgres-driver.js:102:41
 ❯ node_modules/.pnpm/kysely@0.28.17/node_modules/kysely/dist/esm/query-executor/query-executor-base.js:35:28
 ❯ DefaultConnectionProvider.provideConnection node_modules/.pnpm/kysely@0.28.17/node_modules/kysely/dist/esm/driver/default-connection-provider.js:10:20
 ❯ DefaultQueryExecutor.executeQuery node_modules/.pnpm/kysely@0.28.17/node_modules/kysely/dist/esm/query-executor/query-executor-base.js:34:16
 ❯ fixture apps/core/test/canva-planner-accounting.test.ts:21:2
 ❯ apps/core/test/canva-planner-accounting.test.ts:74:10

⎯⎯⎯⎯⎯⎯⎯⎯⎯⎯⎯⎯⎯⎯⎯⎯⎯⎯⎯⎯⎯⎯⎯⎯[5/5]⎯


 Test Files  1 failed (1)
      Tests  5 failed (5)
   Start at  15:54:01
   Duration  881ms (transform 435ms, setup 95ms, import 600ms, tests 47ms, environment 0ms)

