
 RUN  v4.1.11 /Users/hawzhin/Hawdesign

[test databases] hawa_tpl_build_test_f318557d: applied db/schema.sql
[test databases] hawa_tpl_build_test_f318557d: applied db/rls.sql
[test databases] hawa_tpl_build_test_f318557d: applied db/seed.sql
[test databases] hawa_tpl_build_test_f318557d: granted runtime privileges to hawa_app
[test databases] hawa_tpl_build_test_f318557d: versioned upgrades applied=56 verified=0
[test databases] hawa_tpl_build_test_f318557d: applied db/test-fixtures.sql
[test databases] built template hawa_tpl_test_55b1bf5b8a38dfaf
[test databases] hawa_tpl_build_repair_062590c1: applied db/schema.sql
[test databases] hawa_tpl_build_repair_062590c1: applied db/rls.sql
[test databases] hawa_tpl_build_repair_062590c1: applied db/seed.sql
[test databases] hawa_tpl_build_repair_062590c1: granted runtime privileges to hawa_app
[test databases] hawa_tpl_build_repair_062590c1: versioned upgrades applied=56 verified=0
[test databases] built template hawa_tpl_repair_55b1bf5b8a38dfaf
[test databases] per-file clones of hawa_tpl_test_55b1bf5b8a38dfaf and hawa_tpl_repair_55b1bf5b8a38dfaf (594 ms)
 ❯ apps/core/test/canva-planner-accounting.test.ts (6 tests | 1 failed) 344ms
   × upgrades actual pre-ledger Studio artifacts without inventing or duplicating planner calls 126ms
{"level":"warn","time":"2026-09-27T13:12:27.329Z","service":"core","msg":"[LayoutsStage] Candidate 1 repeats an earlier validated composition; dropping it"}
{"level":"warn","time":"2026-09-27T13:12:27.341Z","service":"core","msg":"[LayoutsStage] Candidate 2 repeats an earlier validated composition; dropping it"}
{"level":"warn","time":"2026-09-27T13:12:29.528Z","service":"core","msg":"[LayoutsStage] Candidate 1 repeats an earlier validated composition; dropping it"}
{"level":"warn","time":"2026-09-27T13:12:29.537Z","service":"core","msg":"[LayoutsStage] Candidate 2 repeats an earlier validated composition; dropping it"}
{"level":"warn","time":"2026-09-27T13:12:30.421Z","service":"core","msg":"[LayoutsStage] Candidate 1 repeats an earlier validated composition; dropping it"}
{"level":"warn","time":"2026-09-27T13:12:30.431Z","service":"core","msg":"[LayoutsStage] Candidate 2 repeats an earlier validated composition; dropping it"}

⎯⎯⎯⎯⎯⎯⎯ Failed Tests 1 ⎯⎯⎯⎯⎯⎯⎯

 FAIL  apps/core/test/canva-planner-accounting.test.ts > upgrades actual pre-ledger Studio artifacts without inventing or duplicating planner calls
error: relation "hawa.canva_bindings" does not exist
 ❯ node_modules/.pnpm/pg@8.23.0/node_modules/pg/lib/client.js:694:17
 ❯ PostgresConnection.executeQuery node_modules/.pnpm/kysely@0.28.17/node_modules/kysely/dist/esm/dialect/postgres/postgres-driver.js:90:49
 ❯ node_modules/.pnpm/kysely@0.28.17/node_modules/kysely/dist/esm/query-executor/query-executor-base.js:35:28
 ❯ DefaultConnectionProvider.provideConnection node_modules/.pnpm/kysely@0.28.17/node_modules/kysely/dist/esm/driver/default-connection-provider.js:10:20
 ❯ DefaultQueryExecutor.executeQuery node_modules/.pnpm/kysely@0.28.17/node_modules/kysely/dist/esm/query-executor/query-executor-base.js:34:16
 ❯ apps/core/test/canva-planner-accounting.test.ts:97:4

 ❯ PostgresConnection.executeQuery node_modules/.pnpm/kysely@0.28.17/node_modules/kysely/dist/esm/dialect/postgres/postgres-driver.js:102:41
 ❯ node_modules/.pnpm/kysely@0.28.17/node_modules/kysely/dist/esm/query-executor/query-executor-base.js:35:28
 ❯ DefaultConnectionProvider.provideConnection node_modules/.pnpm/kysely@0.28.17/node_modules/kysely/dist/esm/driver/default-connection-provider.js:10:20
 ❯ DefaultQueryExecutor.executeQuery node_modules/.pnpm/kysely@0.28.17/node_modules/kysely/dist/esm/query-executor/query-executor-base.js:34:16
 ❯ apps/core/test/canva-planner-accounting.test.ts:97:4

⎯⎯⎯⎯⎯⎯⎯⎯⎯⎯⎯⎯⎯⎯⎯⎯⎯⎯⎯⎯⎯⎯⎯⎯[1/1]⎯


 Test Files  1 failed | 4 passed (5)
      Tests  1 failed | 89 passed (90)
   Start at  16:12:25
   Duration  8.91s (transform 2.01s, setup 619ms, import 3.04s, tests 11.98s, environment 0ms)

