[Typecheck:tests] Running TypeScript typecheck on test suites...
✅ [Typecheck:tests] All included test suites typecheck cleanly with 0 errors.
[Ratchet:any] Scanned production source code: found 1006 'any' occurrences (ceiling: 1053).
✅ RATCHET PASSED: 'any' count 1006 is within ceiling 1053.
✅ EGRESS LINT PASSED: No new direct provider references outside 9 existing exceptions. Existing calls still need policy migration.
$ tsc -b && vite build
vite v6.4.3 building for production...
transforming...
✓ 131 modules transformed.
rendering chunks...
computing gzip size...
dist/index.html                             1.21 kB │ gzip:   0.59 kB
dist/assets/index-BgUFCIVx.css             33.54 kB │ gzip:   7.87 kB
dist/assets/OpsScreen-CTUiAkzk.js          20.42 kB │ gzip:   5.88 kB
dist/assets/ComparisonScreen-z2nDA01i.js   22.27 kB │ gzip:   6.87 kB
dist/assets/EvalScreen-9y0ZwVI6.js         24.20 kB │ gzip:   6.58 kB
dist/assets/SettingsScreen-CCHC_TRf.js     24.69 kB │ gzip:   7.13 kB
dist/assets/ClientsScreen-Co7tAr9d.js      64.40 kB │ gzip:  17.70 kB
dist/assets/index-6AGOFJFN.js             454.15 kB │ gzip: 139.23 kB
✓ built in 636ms

