
 RUN  v4.1.11 /Users/hawzhin/Hawdesign

[test databases] hawa_tpl_build_test_cc75a338: applied db/schema.sql
[test databases] hawa_tpl_build_test_cc75a338: applied db/rls.sql
[test databases] hawa_tpl_build_test_cc75a338: applied db/seed.sql
[test databases] hawa_tpl_build_test_cc75a338: granted runtime privileges to hawa_app
[test databases] hawa_tpl_build_test_cc75a338: versioned upgrades applied=59 verified=0
[test databases] hawa_tpl_build_test_cc75a338: applied db/test-fixtures.sql
[test databases] built template hawa_tpl_test_e4b467816225b5fe
[test databases] hawa_tpl_build_repair_f0613a23: applied db/schema.sql
[test databases] hawa_tpl_build_repair_f0613a23: applied db/rls.sql
[test databases] hawa_tpl_build_repair_f0613a23: applied db/seed.sql
[test databases] hawa_tpl_build_repair_f0613a23: granted runtime privileges to hawa_app
[test databases] hawa_tpl_build_repair_f0613a23: versioned upgrades applied=59 verified=0
[test databases] built template hawa_tpl_repair_e4b467816225b5fe
[test databases] per-file clones of hawa_tpl_test_e4b467816225b5fe and hawa_tpl_repair_e4b467816225b5fe (732 ms)
·································{"level":"warn","time":"2026-09-27T17:02:30.044Z","service":"core","requestId":"813d67d2-0bd7-4318-9b16-cf7cfa385411","msg":"[core:delivery-internal] prepare of task d9671b5b-1dab-4bfb-94e6-4c318fe40c7b answered 409 DELIVERY_ALREADY_COMPLETE: Task d9671b5b-1dab-4bfb-94e6-4c318fe40c7b is delivered already"}
··········{"level":"warn","time":"2026-09-27T17:02:31.434Z","service":"worker","msg":"[TelegramSender] Telegram refused dl-ac738a81-ab35-40ba-9f72-a5cded2b3da8-8d285ba1-79b3-43f5-858c-c87873437a93:file:2cceef87-4bd8-4e53-b7ac-d5b653206b58 for chat 64603880: TELEGRAM_DOCUMENT_REJECTED_403"}
·{"level":"error","time":"2026-09-27T17:02:31.528Z","service":"core","requestId":"542b7b8a-c599-453b-8dae-f10ff4a60e8b","taskId":"72ac152c-99a1-4323-8fe0-944fbb3eeeee","tenantId":"00000000-0000-4000-a000-000000000001","err":{"type":"Error","message":"injected receipt write failure","stack":"Error: injected receipt write failure\n    at PublicationRepository.<anonymous> (/Users/hawzhin/Hawdesign/apps/core/test/e2e-canva-to-delivery-chain.test.ts:227:51)\n    at PublicationRepository.recordDriveRef (file:///Users/hawzhin/Hawdesign/node_modules/.pnpm/@vitest+spy@4.1.11/node_modules/@vitest/spy/dist/index.js:332:34)\n    at /Users/hawzhin/Hawdesign/apps/core/src/services/omnichannel-delivery.ts:968:35\n    at runner (/Users/hawzhin/Hawdesign/packages/db/src/client.ts:67:18)\n    at processTicksAndRejections (node:internal/process/task_queues:105:5)\n    at file:///Users/hawzhin/Hawdesign/node_modules/.pnpm/kysely@0.28.17/node_modules/kysely/dist/esm/kysely.js:572:32\n    at DefaultConnectionProvider.provideConnection (file:///Users/hawzhin/Hawdesign/node_modules/.pnpm/kysely@0.28.17/node_modules/kysely/dist/esm/driver/default-connection-provider.js:10:20)\n    at withRlsContext (/Users/hawzhin/Hawdesign/packages/db/src/client.ts:73:10)\n    at doPublish (/Users/hawzhin/Hawdesign/apps/core/src/services/omnichannel-delivery.ts:966:9)\n    at /Users/hawzhin/Hawdesign/packages/db/src/session-lock.ts:30:39"},"msg":"[core:omnichannel:receipts] Error committing drive/sheet receipts and delivery decision:"}
·{"level":"error","time":"2026-09-27T17:02:31.657Z","service":"worker","msg":"[Delivery] dl-64bfc28b-e338-494b-8ad5-3e186546059d-17646a7f-786b-4150-9680-e208d64c661e ended delivered, and Core did not take the report: Core answered HTTP 410 GONE for /internal/tasks/64bfc28b-e338-494b-8ad5-3e186546059d/delivery-finished"}
{"level":"error","time":"2026-09-27T17:02:31.658Z","service":"core","requestId":"84ff1bc3-fe1d-4909-bd81-95f621af5f30","taskId":"72ac152c-99a1-4323-8fe0-944fbb3eeeee","tenantId":"00000000-0000-4000-a000-000000000001","err":{"type":"Error","message":"injected outbox commit failure","stack":"Error: injected outbox commit failure\n    at OutboxRepository.<anonymous> (/Users/hawzhin/Hawdesign/apps/core/test/e2e-canva-to-delivery-chain.test.ts:252:51)\n    at OutboxRepository.enqueue (file:///Users/hawzhin/Hawdesign/node_modules/.pnpm/@vitest+spy@4.1.11/node_modules/@vitest/spy/dist/index.js:332:34)\n    at /Users/hawzhin/Hawdesign/apps/core/src/services/omnichannel-delivery.ts:1022:30\n    at processTicksAndRejections (node:internal/process/task_queues:105:5)\n    at runner (/Users/hawzhin/Hawdesign/packages/db/src/client.ts:67:12)\n    at file:///Users/hawzhin/Hawdesign/node_modules/.pnpm/kysely@0.28.17/node_modules/kysely/dist/esm/kysely.js:572:32\n    at DefaultConnectionProvider.provideConnection (file:///Users/hawzhin/Hawdesign/node_modules/.pnpm/kysely@0.28.17/node_modules/kysely/dist/esm/driver/default-connection-provider.js:10:20)\n    at withRlsContext (/Users/hawzhin/Hawdesign/packages/db/src/client.ts:73:10)\n    at doPublish (/Users/hawzhin/Hawdesign/apps/core/src/services/omnichannel-delivery.ts:966:9)\n    at /Users/hawzhin/Hawdesign/packages/db/src/session-lock.ts:30:39"},"msg":"[core:omnichannel:receipts] Error committing drive/sheet receipts and delivery decision:"}
{"level":"warn","time":"2026-09-27T17:02:31.695Z","service":"core","requestId":"08f04549-cfcf-4512-bcce-35a565d24ca8","taskId":"64bfc28b-e338-494b-8ad5-3e186546059d","tenantId":"00000000-0000-4000-a000-000000000001","msg":"[core:publish:workflow] dl-64bfc28b-e338-494b-8ad5-3e186546059d-17646a7f-786b-4150-9680-e208d64c661e had finished (delivered) without its report reaching Core; recorded now"}
·····{"level":"error","time":"2026-09-27T17:02:32.108Z","service":"worker","requestId":"outbox-5dd764ce-e29e-406a-9e3b-a4602d7c456d","taskId":"55b69972-c1ad-4acd-97e4-692bfe15b10c","chatId":"60894205","tenantId":"00000000-0000-4000-a000-000000000001","msg":"[OutboxConsumer] Command 5dd764ce-e29e-406a-9e3b-a4602d7c456d (notify.published) PERMANENT FAILURE after 1 attempts: DELIVERY_OWNED_BY_WORKFLOW: the Delivery workflow delivers task 55b69972-c1ad-4acd-97e4-692bfe15b10c; this command sent nothing"}
{"level":"error","time":"2026-09-27T17:02:32.108Z","service":"worker","requestId":"outbox-5dd764ce-e29e-406a-9e3b-a4602d7c456d","taskId":"55b69972-c1ad-4acd-97e4-692bfe15b10c","chatId":"60894205","tenantId":"00000000-0000-4000-a000-000000000001","msg":"[OutboxConsumer] 5dd764ce-e29e-406a-9e3b-a4602d7c456d (notify.published) was dead-lettered: DELIVERY_OWNED_BY_WORKFLOW: the Delivery workflow delivers task 55b69972-c1ad-4acd-97e4-692bfe15b10c; this command sent nothing"}
··{"level":"warn","time":"2026-09-27T17:02:32.218Z","service":"core","requestId":"8a28772a-2e1b-4d98-8dc2-125458fa0c62","msg":"[core:delivery-internal] prepare of task 6dcbe052-281f-4930-9b9b-6d1c45f8a0fc answered 409 NOT_PUBLISHING: Task 6dcbe052-281f-4930-9b9b-6d1c45f8a0fc is 'approved', not being delivered"}
··{"level":"error","time":"2026-09-27T17:02:32.340Z","service":"core","requestId":"a5b76238-f2a2-48a5-b52a-85eb0b67a9fe","taskId":"395b27f1-cbbd-49ae-bd8e-2f8b140dea17","tenantId":"00000000-0000-4000-a000-000000000001","err":{"type":"Error","message":"Synthetic stop before expectation insert","stack":"Error: Synthetic stop before expectation insert\n    at /Users/hawzhin/Hawdesign/apps/core/test/publish-sheets-unconfirmed.test.ts:252:94\n    at processTicksAndRejections (node:internal/process/task_queues:105:5)\n    at file:///Users/hawzhin/Hawdesign/node_modules/.pnpm/@vitest+runner@4.1.11/node_modules/@vitest/runner/dist/chunk-artifact.js:1903:20"},"msg":"[core:publication-expectation:freeze] Durable input freeze failed"}
·{"level":"warn","time":"2026-09-27T17:02:32.374Z","service":"core","requestId":"d1503447-97f4-4002-a2d8-1033a12f8f85","msg":"[core:delivery-internal] prepare of task e676f0cb-701f-4f16-87a7-38f4bbd501c7 answered 503 ARCHIVE_STATE_UNCERTAIN: Google Workspace credentials not configured. The archive may already exist from an earlier attempt; requester delivery is held until it is reconciled"}
······

 Test Files  8 passed (8)
      Tests  61 passed (61)
   Start at  20:02:26
   Duration  6.68s (transform 3.21s, setup 900ms, import 5.39s, tests 12.92s, environment 0ms)

